{"mobile":"18684680380","session_id":"uc8blmropdov0ml1uqknadf9j5","data":{"id":164,"mobile":"18684680380","session_id":"uc8blmropdov0ml1uqknadf9j5","add_time":1523432493,"code":"6680","status":1,"msg":"\u9a8c\u8bc1\u78016680\uff0c\u7528\u4e8e\u5bc6\u7801\u627e\u56de\uff0c\u5982\u975e\u672c\u4eba\u64cd\u4f5c\uff0c\u8bf7\u53ca\u65f6\u68c0\u67e5\u8d26\u6237\u5b89\u5168","scene":2,"error_msg":null}}